============================================================
TESTING PRESENTATION GENERATION
============================================================

Payload being sent:
{
  "topic": "Test Topic",
  "raw_content": "This is test content for the presentation. It should be long enough to process.",
  "target_audience": "Students",
  "tone": "professional",
  "subject": "general",
  "slide_ratio": "16:9",
  "presentation_title": "Test Presentation",
  "num_slides": null,
  "enable_visuals": true,
  "template": "warm_blue"
}

Sending POST request to /presentations/generate/:

Status Code: 201
Response:
{
  "id": 112,
  "title": "Test Presentation",
  "topic": "Test Topic",
  "raw_content": "This is test content for the presentation. It should be long enough to process.",
  "target_audience": "Students",
  "tone": "professional",
  "subject": "general",
  "title_font": "Calibri",
  "heading_font": "Calibri",
  "content_font": "Arial",
  "description": "",
  "json_structure": {
    "presentation_title": "Test Topic",
    "topic": "Test Topic",
    "target_audience": "Students",
    "tone": "professional",
    "subject": "general",
    "total_slides": 5,
    "slides": [
      {
        "slide_number": 1,
        "title": "Introduction to Test Topic",
        "subtitle": "",
        "content": "This is a comprehensive overview of the test topic.",
        "bullets": [
          "1. The test topic is a complex subject.",
          "2. It involves various aspects of everyday life.",
          "3. Understanding the topic is crucial for students.",
          "4. This presentation aims to provide a clear overview.",
          "5. It will cover key concepts and takeaways."
        ],
        "slide_type": "title"
      },
      {
        "slide_number": 2,
        "title": "Key Concepts of Test Topic",
        "subtitle": "",
        "content": "The test topic involves various key concepts and ideas.",
        "bullets": [
          "1. Concept 1 is a fundamental aspect of the topic.",
          "2. Concept 2 is closely related to everyday life.",
          "3. Concept 3 is crucial for understanding the topic.",
          "4. Concept 4 is often overlooked but important.",
          "5. Concept 5 is a key takeaway for students."
        ],
        "slide_type": "content"
      },
      {
        "slide_number": 3,
        "title": "Practical Applications of Test Topic",
        "subtitle": "",
        "content": "The test topic has numerous practical applications in real life.",
        "bullets": [
          "1. Application 1 is a common use of the topic.",
          "2. Application 2 involves a specific scenario.",
          "3. Application 3 is a real-world example.",
          "4. Application 4 demonstrates the topic's importance.",
          "5. Application 5 showcases its relevance."
        ],
        "slide_type": "content"
      },
      {
        "slide_number": 4,
        "title": "Challenges and Solutions of Test Topic",
        "subtitle": "",
        "content": "The test topic presents various challenges and solutions.",
        "bullets": [
          "1. Challenge 1 requires critical thinking.",
          "2. Challenge 2 involves problem-solving.",
          "3. Solution 1 is a common approach.",
          "4. Solution 2 involves collaboration.",
          "5. Solution 3 is a creative solution."
        ],
        "slide_type": "content"
      },
      {
        "slide_number": 5,
        "title": "Conclusion and Takeaways",
        "subtitle": "",
        "content": "This presentation has covered key concepts and takeaways.",
        "bullets": [
          "1. Key takeaway 1 is a fundamental idea.",
          "2. Key takeaway 2 involves practical application.",
          "3. Key takeaway 3 is a real-world example.",
          "4. Key takeaway 4 demonstrates the topic's importance.",
          "5. Key takeaway 5 showcases its relevance."
        ],
        "slide_type": "content"
      }
    ],
    "metadata": {
      "generated_with_chunking": false,
      "number_of_chunks": 1
    }
  },
  "slides": [
    {
      "id": 1269,
      "slide_number": 1,
      "slide_type": "title",
      "title": "Introduction to Test Topic",
      "subtitle": "",
      "content": "",
      "bullets": [
        "1. The test topic is a complex subject.",
        "2. It involves various aspects of everyday life.",
        "3. Understanding the topic is crucial for students.",
        "4. This presentation aims to provide a clear overview.",
        "5. It will cover key concepts and takeaways."
      ],
      "visuals": {},
      "speaker_notes": "",
      "order": 1,
      "created_at": "2026-01-15T22:48:05.438812Z",
      "updated_at": "2026-01-15T22:48:05.438812Z",
      "fonts": {}
    },
    {
      "id": 1270,
      "slide_number": 2,
      "slide_type": "content",
      "title": "Key Concepts of Test Topic",
      "subtitle": "",
      "content": "",
      "bullets": [
        "1. Concept 1 is a fundamental aspect of the topic.",
        "2. Concept 2 is closely related to everyday life.",
        "3. Concept 3 is crucial for understanding the topic.",
        "4. Concept 4 is often overlooked but important.",
        "5. Concept 5 is a key takeaway for students."
      ],
      "visuals": {},
      "speaker_notes": "",
      "order": 2,
      "created_at": "2026-01-15T22:48:05.463036Z",
      "updated_at": "2026-01-15T22:48:05.463036Z",
      "fonts": {}
    },
    {
      "id": 1271,
      "slide_number": 3,
      "slide_type": "content",
      "title": "Practical Applications of Test Topic",
      "subtitle": "",
      "content": "",
      "bullets": [
        "1. Application 1 is a common use of the topic.",
        "2. Application 2 involves a specific scenario.",
        "3. Application 3 is a real-world example.",
        "4. Application 4 demonstrates the topic's importance.",
        "5. Application 5 showcases its relevance."
      ],
      "visuals": {},
      "speaker_notes": "",
      "order": 3,
      "created_at": "2026-01-15T22:48:05.468587Z",
      "updated_at": "2026-01-15T22:48:05.468587Z",
      "fonts": {}
    },
    {
      "id": 1272,
      "slide_number": 4,
      "slide_type": "content",
      "title": "Challenges and Solutions of Test Topic",
      "subtitle": "",
      "content": "",
      "bullets": [
        "1. Challenge 1 requires critical thinking.",
        "2. Challenge 2 involves problem-solving.",
        "3. Solution 1 is a common approach.",
        "4. Solution 2 involves collaboration.",
        "5. Solution 3 is a creative solution."
      ],
      "visuals": {},
      "speaker_notes": "",
      "order": 4,
      "created_at": "2026-01-15T22:48:05.473595Z",
      "updated_at": "2026-01-15T22:48:05.473595Z",
      "fonts": {}
    },
    {
      "id": 1273,
      "slide_number": 5,
      "slide_type": "content",
      "title": "Conclusion and Takeaways",
      "subtitle": "",
      "content": "",
      "bullets": [
        "1. Key takeaway 1 is a fundamental idea.",
        "2. Key takeaway 2 involves practical application.",
        "3. Key takeaway 3 is a real-world example.",
        "4. Key takeaway 4 demonstrates the topic's importance.",
        "5. Key takeaway 5 showcases its relevance."
      ],
      "visuals": {},
      "speaker_notes": "",
      "order": 5,
      "created_at": "2026-01-15T22:48:05.480878Z",
      "updated_at": "2026-01-15T22:48:05.480878Z",
      "fonts": {}
    }
  ],
  "total_slides": 5,
  "created_by": {
    "id": 4,
    "username": "presentation_api",
    "email": "api@presentation.local",
    "first_name": "",
    "last_name": ""
  },
  "is_published": false,
  "created_at": "2026-01-15T22:48:05.377542Z",
  "updated_at": "2026-01-15T22:48:05.488398Z"
}

============================================================
